
> @org/source@0.0.0 build:backend
> npm run build:shared && npx nx build backend --skip-nx-cache


> @org/source@0.0.0 build:shared
> npx tsc --build packages/libs/shared-models/tsconfig.lib.json && npx tsc --build packages/libs/backend-utils/tsconfig.lib.json


> nx run @org/backend:build

> tsc --build packages/backend/tsconfig.app.json

packages/backend/src/app/features/administration/administration.controller.ts(251,87): error TS2345: Argument of type 'GetActiveSessionsModel' is not assignable to parameter of type 'LoginSessionResponseModel[]'.
  Type 'GetActiveSessionsModel' is missing the following properties from type 'LoginSessionResponseModel[]': length, pop, push, concat, and 29 more.



 NX   Running target build for project @org/backend failed

Failed tasks:

- @org/backend:build

Hint: run the command with --verbose for more details.

npm : Warning: command "tsc 
--build packages/backend/tsco
nfig.app.json" exited with 
non-zero status code
At line:1 char:1
+ npm run build:backend > 
build_output.log 2>&1
+ ~~~~~~~~~~~~~~~~~~~~~~~~~~~
~~~~~~~~~~~~~~~~~~
    + CategoryInfo           
   : NotSpecified: (Warning  
  : comman...ero status co   
 de:String) [], RemoteExc    
eption
    + FullyQualifiedErrorId  
   : NativeCommandError
 
